2025-05-26 21:28:00 | WARN | repo=pv243-javaee-7 | action=commit
2025-08-28 07:59:00 | DEBUG | repo=pv243-javaee-7 | action=commit
2025-10-27 07:51:00 | INFO | repo=pv243-javaee-7 | action=commit
2025-12-08 07:57:00 | WARN | repo=pv243-javaee-7 | action=test | passed=true
2025-08-02 07:57:00 | DEBUG | repo=pv243-javaee-7 | action=commit
2025-07-03 10:41:00 | DEBUG | repo=pv243-javaee-7 | action=commit
2025-07-10 10:54:00 | DEBUG | repo=pv243-javaee-7 | action=test | passed=true
2025-12-28 18:35:00 | INFO | repo=pv243-javaee-7 | action=commit
2025-11-12 18:43:00 | INFO | repo=pv243-javaee-7 | action=commit
2025-07-08 21:48:00 | INFO | repo=pv243-javaee-7 | action=test | passed=true
2025-03-20 17:30:00 | INFO | repo=pv243-javaee-7 | action=commit
2025-03-02 07:39:00 | DEBUG | repo=pv243-javaee-7 | action=commit
2025-04-06 09:27:00 | DEBUG | repo=pv243-javaee-7 | action=pull
2025-07-13 17:16:00 | DEBUG | repo=pv243-javaee-7 | action=test | passed=true
2025-02-10 20:21:00 | WARN | repo=pv243-javaee-7 | action=commit
2025-03-11 10:41:00 | DEBUG | repo=pv243-javaee-7 | action=commit
2025-04-04 12:29:00 | DEBUG | repo=pv243-javaee-7 | action=edit | files=2
2025-02-25 08:22:00 | INFO | repo=pv243-javaee-7 | action=commit
2025-04-13 10:31:00 | DEBUG | repo=pv243-javaee-7 | action=edit | files=5
2025-08-09 16:49:00 | WARN | repo=pv243-javaee-7 | action=commit
2025-09-15 11:32:00 | DEBUG | repo=pv243-javaee-7 | action=commit
2025-10-07 20:32:00 | INFO | repo=pv243-javaee-7 | action=commit
2025-04-11 15:04:00 | WARN | repo=pv243-javaee-7 | action=pull
2025-05-04 21:00:00 | WARN | repo=pv243-javaee-7 | action=commit
2025-06-14 19:15:00 | INFO | repo=pv243-javaee-7 | action=commit
2025-11-15 14:33:00 | WARN | repo=pv243-javaee-7 | action=commit
2025-06-20 11:02:00 | WARN | repo=pv243-javaee-7 | action=commit
2025-03-17 11:13:00 | INFO | repo=pv243-javaee-7 | action=pull
2025-12-27 09:37:00 | INFO | repo=pv243-javaee-7 | action=commit
2025-10-24 21:39:00 | INFO | repo=pv243-javaee-7 | action=commit
2025-01-03 15:02:00 | INFO | repo=pv243-javaee-7 | action=commit
2025-09-12 13:53:00 | INFO | repo=pv243-javaee-7 | action=commit
2025-01-23 12:16:00 | INFO | repo=pv243-javaee-7 | action=commit
2025-05-20 17:06:00 | DEBUG | repo=pv243-javaee-7 | action=commit
2025-02-05 18:43:00 | WARN | repo=pv243-javaee-7 | action=commit
2025-04-03 10:47:00 | WARN | repo=pv243-javaee-7 | action=commit
2025-11-03 15:50:00 | DEBUG | repo=pv243-javaee-7 | action=commit
2025-01-12 21:21:00 | WARN | repo=pv243-javaee-7 | action=commit
2025-11-16 11:55:00 | INFO | repo=pv243-javaee-7 | action=commit
2025-12-17 10:24:00 | DEBUG | repo=pv243-javaee-7 | action=commit
2025-04-04 08:19:00 | DEBUG | repo=pv243-javaee-7 | action=commit
2025-08-04 21:32:00 | INFO | repo=pv243-javaee-7 | action=pull
2025-12-13 09:28:00 | DEBUG | repo=pv243-javaee-7 | action=commit
2025-09-08 14:52:00 | INFO | repo=pv243-javaee-7 | action=commit
2025-01-07 11:47:00 | DEBUG | repo=pv243-javaee-7 | action=commit
2025-04-26 07:15:00 | INFO | repo=pv243-javaee-7 | action=commit
2025-01-21 08:51:00 | DEBUG | repo=pv243-javaee-7 | action=pull
2025-11-27 07:27:00 | DEBUG | repo=pv243-javaee-7 | action=commit
2025-08-16 16:14:00 | INFO | repo=pv243-javaee-7 | action=pull
2025-12-28 11:16:00 | WARN | repo=pv243-javaee-7 | action=commit
2025-01-20 16:00:00 | WARN | repo=pv243-javaee-7 | action=commit
2025-12-17 07:03:00 | WARN | repo=pv243-javaee-7 | action=commit
2025-11-01 17:13:00 | INFO | repo=pv243-javaee-7 | action=commit
2025-11-08 07:19:00 | DEBUG | repo=pv243-javaee-7 | action=pull
2025-02-02 19:40:00 | WARN | repo=pv243-javaee-7 | action=edit | files=2
2025-10-27 10:47:00 | DEBUG | repo=pv243-javaee-7 | action=commit
2025-04-12 10:20:00 | DEBUG | repo=pv243-javaee-7 | action=commit
2025-03-01 08:52:00 | WARN | repo=pv243-javaee-7 | action=commit
2025-07-12 21:52:00 | DEBUG | repo=pv243-javaee-7 | action=commit
2025-04-23 08:58:00 | INFO | repo=pv243-javaee-7 | action=commit
2025-05-21 19:07:00 | DEBUG | repo=pv243-javaee-7 | action=commit
2025-08-26 12:05:00 | INFO | repo=pv243-javaee-7 | action=edit | files=2
2025-06-18 15:11:00 | INFO | repo=pv243-javaee-7 | action=commit
2025-02-24 20:04:00 | WARN | repo=pv243-javaee-7 | action=commit
2025-07-28 11:06:00 | INFO | repo=pv243-javaee-7 | action=commit
2025-07-03 08:26:00 | INFO | repo=pv243-javaee-7 | action=commit
2025-06-12 21:29:00 | DEBUG | repo=pv243-javaee-7 | action=commit
2025-11-27 11:26:00 | WARN | repo=pv243-javaee-7 | action=commit
2025-02-18 21:03:00 | INFO | repo=pv243-javaee-7 | action=commit
2025-09-01 19:55:00 | WARN | repo=pv243-javaee-7 | action=commit
2025-06-04 21:16:00 | DEBUG | repo=pv243-javaee-7 | action=commit
2025-10-14 09:20:00 | INFO | repo=pv243-javaee-7 | action=commit
2025-03-10 14:50:00 | DEBUG | repo=pv243-javaee-7 | action=commit
2025-11-26 12:36:00 | INFO | repo=pv243-javaee-7 | action=commit
2025-09-26 17:01:00 | DEBUG | repo=pv243-javaee-7 | action=commit
2025-11-11 11:48:00 | INFO | repo=pv243-javaee-7 | action=commit
2025-09-02 19:33:00 | DEBUG | repo=pv243-javaee-7 | action=commit
2025-12-10 11:16:00 | WARN | repo=pv243-javaee-7 | action=commit
2025-07-05 08:23:00 | INFO | repo=pv243-javaee-7 | action=commit
2025-11-24 07:21:00 | WARN | repo=pv243-javaee-7 | action=commit
2025-03-07 21:11:00 | DEBUG | repo=pv243-javaee-7 | action=commit
2025-10-10 13:41:00 | INFO | repo=pv243-javaee-7 | action=commit
2025-05-23 08:30:00 | WARN | repo=pv243-javaee-7 | action=commit
2025-05-05 15:34:00 | DEBUG | repo=pv243-javaee-7 | action=commit
2025-07-22 16:13:00 | WARN | repo=pv243-javaee-7 | action=commit
2025-09-09 09:46:00 | WARN | repo=pv243-javaee-7 | action=commit
2025-09-19 20:25:00 | DEBUG | repo=pv243-javaee-7 | action=edit | files=5
2025-02-10 18:18:00 | INFO | repo=pv243-javaee-7 | action=pull
2025-02-04 18:20:00 | DEBUG | repo=pv243-javaee-7 | action=edit | files=2
2025-09-14 20:30:00 | DEBUG | repo=pv243-javaee-7 | action=edit | files=2
2025-01-25 13:16:00 | DEBUG | repo=pv243-javaee-7 | action=pull
2025-05-11 19:38:00 | WARN | repo=pv243-javaee-7 | action=commit
2025-09-21 17:29:00 | INFO | repo=pv243-javaee-7 | action=commit
2025-05-13 15:46:00 | INFO | repo=pv243-javaee-7 | action=commit
2025-06-18 09:28:00 | DEBUG | repo=pv243-javaee-7 | action=pull
2025-07-28 15:44:00 | INFO | repo=pv243-javaee-7 | action=commit
2025-06-21 21:38:00 | INFO | repo=pv243-javaee-7 | action=commit
2025-03-02 20:47:00 | WARN | repo=pv243-javaee-7 | action=test | passed=true
2025-01-09 07:48:00 | DEBUG | repo=pv243-javaee-7 | action=commit
2025-07-22 19:10:00 | DEBUG | repo=pv243-javaee-7 | action=commit
2025-11-26 21:15:00 | INFO | repo=pv243-javaee-7 | action=test | passed=true
2025-10-03 12:58:00 | WARN | repo=pv243-javaee-7 | action=commit
2025-09-04 08:26:00 | WARN | repo=pv243-javaee-7 | action=commit
2025-05-10 07:27:00 | DEBUG | repo=pv243-javaee-7 | action=commit
2025-08-22 15:52:00 | WARN | repo=pv243-javaee-7 | action=commit
2025-02-22 16:11:00 | DEBUG | repo=pv243-javaee-7 | action=commit
2025-02-04 18:11:00 | INFO | repo=pv243-javaee-7 | action=commit
2025-03-07 19:06:00 | INFO | repo=pv243-javaee-7 | action=commit
2025-06-08 13:42:00 | INFO | repo=pv243-javaee-7 | action=pull
2025-06-10 16:50:00 | WARN | repo=pv243-javaee-7 | action=pull
2025-06-25 14:02:00 | INFO | repo=pv243-javaee-7 | action=commit
2025-07-09 07:19:00 | INFO | repo=pv243-javaee-7 | action=commit
2025-02-19 11:24:00 | WARN | repo=pv243-javaee-7 | action=commit
2025-04-08 08:22:00 | WARN | repo=pv243-javaee-7 | action=commit
2025-06-10 07:11:00 | DEBUG | repo=pv243-javaee-7 | action=pull
2025-01-26 09:16:00 | WARN | repo=pv243-javaee-7 | action=commit
2025-08-11 19:45:00 | INFO | repo=pv243-javaee-7 | action=commit
2025-08-02 12:50:00 | WARN | repo=pv243-javaee-7 | action=commit
2025-10-27 08:45:00 | INFO | repo=pv243-javaee-7 | action=commit
2025-06-17 21:08:00 | INFO | repo=pv243-javaee-7 | action=commit
2025-11-16 20:09:00 | DEBUG | repo=pv243-javaee-7 | action=commit
2025-10-01 07:23:00 | DEBUG | repo=pv243-javaee-7 | action=commit
2025-06-01 14:26:00 | DEBUG | repo=pv243-javaee-7 | action=test | passed=true
2025-09-05 17:09:00 | INFO | repo=pv243-javaee-7 | action=commit
2025-03-02 21:33:00 | INFO | repo=pv243-javaee-7 | action=commit
2025-08-07 16:50:00 | INFO | repo=pv243-javaee-7 | action=commit
2025-11-02 07:58:00 | DEBUG | repo=pv243-javaee-7 | action=commit
2025-01-20 21:22:00 | DEBUG | repo=pv243-javaee-7 | action=commit
2025-02-22 11:17:00 | DEBUG | repo=pv243-javaee-7 | action=edit | files=4
2025-09-02 16:39:00 | DEBUG | repo=pv243-javaee-7 | action=commit
2025-03-03 07:07:00 | WARN | repo=pv243-javaee-7 | action=commit
2025-01-27 20:13:00 | WARN | repo=pv243-javaee-7 | action=commit
2025-07-10 21:16:00 | INFO | repo=pv243-javaee-7 | action=commit
2025-02-02 09:17:00 | DEBUG | repo=pv243-javaee-7 | action=commit
2025-03-24 15:52:00 | INFO | repo=pv243-javaee-7 | action=commit
2025-04-25 16:21:00 | INFO | repo=pv243-javaee-7 | action=commit
2025-12-12 11:25:00 | WARN | repo=pv243-javaee-7 | action=pull
2025-03-06 09:39:00 | DEBUG | repo=pv243-javaee-7 | action=commit
2025-04-26 08:02:00 | DEBUG | repo=pv243-javaee-7 | action=commit
2025-06-06 07:45:00 | INFO | repo=pv243-javaee-7 | action=edit | files=2
2025-05-05 14:17:00 | WARN | repo=pv243-javaee-7 | action=commit
2025-10-23 09:08:00 | INFO | repo=pv243-javaee-7 | action=commit
2025-04-03 15:45:00 | WARN | repo=pv243-javaee-7 | action=commit
2025-11-03 21:10:00 | DEBUG | repo=pv243-javaee-7 | action=commit
2025-10-24 20:57:00 | DEBUG | repo=pv243-javaee-7 | action=commit
2025-05-16 11:56:00 | DEBUG | repo=pv243-javaee-7 | action=commit
2025-01-18 08:26:00 | INFO | repo=pv243-javaee-7 | action=commit
2025-06-17 11:12:00 | INFO | repo=pv243-javaee-7 | action=commit
2025-05-14 08:08:00 | WARN | repo=pv243-javaee-7 | action=pull
2025-12-09 15:40:00 | DEBUG | repo=pv243-javaee-7 | action=commit
2025-05-16 09:51:00 | WARN | repo=pv243-javaee-7 | action=commit
2025-11-23 08:56:00 | DEBUG | repo=pv243-javaee-7 | action=commit
2025-08-06 08:51:00 | INFO | repo=pv243-javaee-7 | action=commit
2025-07-02 11:21:00 | WARN | repo=pv243-javaee-7 | action=commit
2025-10-19 15:47:00 | WARN | repo=pv243-javaee-7 | action=commit
2025-07-21 21:50:00 | INFO | repo=pv243-javaee-7 | action=commit
2025-08-04 09:19:00 | DEBUG | repo=pv243-javaee-7 | action=pull
2025-06-17 19:31:00 | WARN | repo=pv243-javaee-7 | action=pull
2025-11-16 13:52:00 | DEBUG | repo=pv243-javaee-7 | action=edit | files=3
2025-11-17 10:20:00 | WARN | repo=pv243-javaee-7 | action=commit
2025-08-26 11:33:00 | WARN | repo=pv243-javaee-7 | action=commit
2025-01-01 15:19:00 | DEBUG | repo=pv243-javaee-7 | action=commit
2025-10-14 14:45:00 | WARN | repo=pv243-javaee-7 | action=pull
2025-07-13 09:40:00 | DEBUG | repo=pv243-javaee-7 | action=commit
2025-02-01 10:43:00 | DEBUG | repo=pv243-javaee-7 | action=commit
2025-01-05 09:45:00 | INFO | repo=pv243-javaee-7 | action=test | passed=true
2025-03-05 09:09:00 | INFO | repo=pv243-javaee-7 | action=pull
2025-03-13 16:25:00 | WARN | repo=pv243-javaee-7 | action=edit | files=5
2025-11-16 07:56:00 | INFO | repo=pv243-javaee-7 | action=commit
2025-10-19 19:45:00 | DEBUG | repo=pv243-javaee-7 | action=pull
2025-11-08 08:59:00 | INFO | repo=pv243-javaee-7 | action=commit
